// Jest Snapshot v1, https://goo.gl/fbAQLP

exports[`Pruebas en contador debe mostrar CounterApp correctamente 1`] = `
<Fragment>
  <h1>
    CounterApp
  </h1>
  <h2>
    256
  </h2>
  <button
    className="btn btn-plus"
    onClick={[Function]}
  >
    +1
  </button>
  <button
    className="btn btn-reset"
    onClick={[Function]}
  >
    Reset
  </button>
  <button
    className="btn btn-sub"
    onClick={[Function]}
  >
    -1
  </button>
</Fragment>
`;
