// Jest Snapshot v1, https://goo.gl/fbAQLP

exports[`Pruebas en <PrimeraApp /> debe mostrar <PrimeraApp /> correctamente 1`] = `
<Fragment>
  <h1>
    Hola Mundo!!
  </h1>
  <p>
    Mi nombre es 
    Ítalo
  </p>
  <p>
    Tengo 
    X
     años
  </p>
  <h3>
    Adiós.
  </h3>
  <p>
    Soy default
  </p>
</Fragment>
`;
